// Jest Snapshot v1, https://goo.gl/fbAQLP

exports[`TweetController (e2e) POST /api/tweets should return the tweet 1`] = `
Object {
  "_id": 1,
  "content": "TEST",
  "createdAt": Any<String>,
  "likes": Array [],
}
`;

exports[`TweetController (e2e) POST /api/tweets should throw bad request exception 1`] = `
Object {
  "error": "Bad Request",
  "message": Array [
    "content must be longer than or equal to 1 characters",
    "content should not be empty",
  ],
  "statusCode": 400,
}
`;
