// Jest Snapshot v1, https://goo.gl/fbAQLP

exports[`TweetController (e2e) POST /api/tweets should return the tweet 1`] = `
Object {
  "_id": 1,
  "content": "TEST",
  "createdAt": Any<String>,
  "likes": Array [],
}
`;

exports[`TweetController (e2e) POST /api/tweets should throw forbiden exception when authorization is empty 1`] = `
Object {
  "error": "Forbidden",
  "message": "Forbidden resource",
  "statusCode": 403,
}
`;
